---
source: tests/src/lib.rs
expression: "parse_pretty(json_value, r#\"[[,], 3, 1.]\"#,\n        PrettyOptions::no_color()).unwrap_err()"
---
1 | [[,], 3, 1.]
      ^
[1:2] Expected json value

==========

1 | [[,], 3, 1.]
             --^
[1:11] Expected float
