---
source: tests/src/lib.rs
expression: "untwine::parse_pretty(expr, \"(1\\n\\n+5\",\n        PrettyOptions::no_color()).unwrap_err()"
---
    | beginning here
    v
1 | (1
  | ...
3 | +5
    --^
[3:2] Expected ')' while parsing term
