---
source: tests/src/lib.rs
expression: "untwine::parse_pretty(json_value, r#\"[[],\"#,\n        PrettyOptions::no_color()).unwrap_err()"
---
1 | [[],
    ^
[1:1] Unmatched delimiter '['

==========

1 | [[],
        ^
[1:4] Expected json value
