---
source: tests/src/lib.rs
expression: "untwine::parse_pretty(expr, \"(1\\n\\n+\", PrettyOptions::no_color()).unwrap_err()"
---
3 | +
     ^
[3:1] Expected term
